// Jest Snapshot v1, https://goo.gl/fbAQLP

exports[`json-api requires responses to not be empty 1`] = `
Object {
  "base": Object {
    "info": Object {
      "title": "OpenAPI",
      "version": "0.0.0",
    },
    "openapi": "3.0.1",
    "paths": Object {
      "/example": Object {
        "get": Object {
          "responses": Object {
            "200": Object {
              "description": "",
            },
          },
        },
      },
    },
  },
  "changelog": Array [],
  "next": Object {
    "info": Object {
      "title": "OpenAPI",
      "version": "0.0.0",
    },
    "openapi": "3.0.1",
    "paths": Object {
      "/example": Object {
        "get": Object {
          "responses": Object {
            "200": Object {
              "description": "",
            },
          },
        },
      },
    },
  },
  "results": Array [
    Object {
      "change": Object {
        "location": Object {
          "conceptualLocation": Object {
            "inResponse": Object {
              "statusCode": "200",
            },
            "method": "get",
            "path": "/example",
          },
          "conceptualPath": Array [
            "operations",
            "/example",
            "get",
            "responses",
            "200",
          ],
          "jsonPath": "/paths/~1example/get/responses/200",
          "kind": "response",
        },
        "value": Object {
          "description": "",
          "statusCode": 200,
        },
      },
      "condition": "use the correct JSON:API response data",
      "docsLink": "https://jsonapi.org/format/#document-resource-objects",
      "error": "Cannot read property 'application/vnd.api+json' of undefined",
      "isMust": true,
      "isShould": false,
      "passed": false,
      "where": "requirement for response: 200",
    },
  ],
}
`;
